[debug] [2026-08-16T17:07:12.097Z] ----------------------------------------------------------------------
[debug] [2026-08-16T17:07:12.104Z] Command:       C:\Program Files\nodejs\node.exe C:\Users\user\AppData\Roaming\npm\node_modules\firebase-tools\lib\bin\firebase.js deploy --only functions
[debug] [2026-08-16T17:07:12.105Z] CLI Version:   15.25.1
[debug] [2026-08-16T17:07:12.106Z] Platform:      win32
[debug] [2026-08-16T17:07:12.106Z] Node Version:  v22.17.0
[debug] [2026-08-16T17:07:12.107Z] Detected Agent: antigravity
[debug] [2026-08-16T17:07:12.107Z] Time:          Sun Aug 16 2026 22:07:12 GMT+0500 (Pakistan Standard Time)
[debug] [2026-08-16T17:07:12.108Z] ----------------------------------------------------------------------
[debug] 
[debug] [2026-08-16T17:07:18.041Z] > command requires scopes: ["email","openid","https://www.googleapis.com/auth/cloudplatformprojects.readonly","https://www.googleapis.com/auth/firebase","https://www.googleapis.com/auth/cloud-platform"]
[debug] [2026-08-16T17:07:18.042Z] > authorizing via signed-in user (shajarmalik5582@gmail.com)
[debug] [2026-08-16T17:07:18.042Z] [iam] checking project cms-system-crm for permissions ["cloudfunctions.functions.create","cloudfunctions.functions.delete","cloudfunctions.functions.get","cloudfunctions.functions.list","cloudfunctions.functions.update","cloudfunctions.operations.get","firebase.projects.get"]
[debug] [2026-08-16T17:07:18.077Z] Checked if tokens are valid: false, expires at: 1786900705867
[debug] [2026-08-16T17:07:18.078Z] Checked if tokens are valid: false, expires at: 1786900705867
[debug] [2026-08-16T17:07:18.079Z] > refreshing access token with scopes: []
[debug] [2026-08-16T17:07:18.086Z] >>> [apiv2][query] POST https://www.googleapis.com/oauth2/v3/token [none]
[debug] [2026-08-16T17:07:18.086Z] >>> [apiv2][body] POST https://www.googleapis.com/oauth2/v3/token [omitted]
[debug] [2026-08-16T17:07:18.735Z] <<< [apiv2][status] POST https://www.googleapis.com/oauth2/v3/token 200
[debug] [2026-08-16T17:07:18.735Z] <<< [apiv2][body] POST https://www.googleapis.com/oauth2/v3/token [omitted]
[debug] [2026-08-16T17:07:18.762Z] >>> [apiv2][query] POST https://cloudresourcemanager.googleapis.com/v1/projects/cms-system-crm:testIamPermissions [none]
[debug] [2026-08-16T17:07:18.763Z] >>> [apiv2][(partial)header] POST https://cloudresourcemanager.googleapis.com/v1/projects/cms-system-crm:testIamPermissions  x-goog-user-project=cms-system-crm
[debug] [2026-08-16T17:07:18.763Z] >>> [apiv2][body] POST https://cloudresourcemanager.googleapis.com/v1/projects/cms-system-crm:testIamPermissions {"permissions":["cloudfunctions.functions.create","cloudfunctions.functions.delete","cloudfunctions.functions.get","cloudfunctions.functions.list","cloudfunctions.functions.update","cloudfunctions.operations.get","firebase.projects.get"]}
